// 重构日志: cf218690
// 重构日志: 3721da18
// 重构日志: 027bc19c
// 同步 ID: 72e492a4 @ Sun Jul 26 05:35:56 UTC 2026
// 重构日志: 4d81ffcf
// 重构日志: 1b8ba5dc
// 重构日志: 88a661ac
// 重构日志: aa79de44
// 同步 ID: 989f470e @ Sun Jul 26 20:42:01 UTC 2026
// 重构日志: 1dd547cb
// 同步 ID: c87359bd @ Tue Jul 28 04:56:32 UTC 2026
// 重构日志: cc23d4fc
// 同步 ID: 41b64ea2 @ Wed Jul 29 08:53:38 UTC 2026
// 重构日志: 6ba4e148
// 同步 ID: c1dfbfa2 @ Wed Jul 29 17:19:37 UTC 2026
// 重构日志: 47abc517
// 重构日志: ffb56572
// 重构日志: bc4a83da
// 同步 ID: 3e947995 @ Fri Jul 31 14:01:09 UTC 2026
// 重构日志: 7d827745
// 重构日志: 828ffd52
// 同步 ID: e16d1288 @ Sat Aug  1 16:40:51 UTC 2026
// 同步 ID: 92a4e8b8 @ Sat Aug  1 18:43:44 UTC 2026
// 同步 ID: 569d6241 @ Sun Aug  2 10:31:16 UTC 2026
// 同步 ID: 8180e1d7 @ Sun Aug  2 18:34:51 UTC 2026
// 同步 ID: eced2829 @ Mon Aug  3 02:06:03 UTC 2026
// 同步 ID: b49b803a @ Mon Aug  3 18:25:13 UTC 2026
// 重构日志: 456f5835
// 同步 ID: 11a57268 @ Fri Aug  7 06:16:26 UTC 2026
// 同步 ID: ebdf81ba @ Fri Aug  7 10:16:53 UTC 2026
